[18:29:15] [main/WARN] (FabricLoader/Knot) Class path entries reference missing files: /var/home/goob/Documents/Java/Projects/Minecraft-CameraOverhaul/versions/fabric-1.14.4/build/classes/java/main, /var/home/goob/Documents/Java/Projects/Minecraft-CameraOverhaul/versions/fabric-1.14.4/build/resources/main - the game may not load properly!
[18:29:15] [main/INFO] (FabricLoader/GameProvider) Loading Minecraft 1.14.4 with Fabric Loader 0.15.11
[18:29:15] [main/DEBUG] (FabricLoader/GamePatch) Found game constructor: net.minecraft.client.main.Main -> net.minecraft.client.Minecraft
[18:29:15] [main/DEBUG] (FabricLoader/GamePatch) Patching game constructor init()V
[18:29:15] [main/DEBUG] (FabricLoader/GamePatch) Run directory field is thought to be net/minecraft/client/Minecraft/gameDirectory
[18:29:15] [main/DEBUG] (FabricLoader/GamePatch) Applying brand name hook to net/minecraft/client/ClientBrandRetriever::getClientModName
[18:29:15] [main/DEBUG] (FabricLoader/GamePatch) Applying brand name hook to net/minecraft/server/MinecraftServer::getServerModName
[18:29:15] [main/DEBUG] (FabricLoader/Mappings) Loading mappings took 30 ms
[18:29:15] [main/DEBUG] (FabricLoader/GamePatch) Patched 3 classs
[18:29:15] [main/DEBUG] (FabricLoader/Discovery) Mod discovery time: 7.0 ms
[18:29:15] [main/DEBUG] (FabricLoader/Resolution) Mod resolution time: 19.1 ms
[18:29:15] [main/INFO] (FabricLoader) Loading 7 mods:
	- cloth-config2 1.8
	- fabric-resource-loader-v0 0.1.10+06c939b30c
	- fabricloader 0.15.11
	- java 21
	- minecraft 1.14.4
	- mixinextras 0.3.5
	- modmenu 1.7.6+build.115
[18:29:15] [main/DEBUG] (FabricLoader/Knot) Adding /var/home/goob/.gradle/caches/modules-2/files-2.1/io.github.llamalad7/mixinextras-fabric/0.3.5/3b577be20ea942610b3045e4f0cd909fa415a9d3/mixinextras-fabric-0.3.5.jar to classpath.
[18:29:15] [main/DEBUG] (FabricLoader/Knot) Adding /var/home/goob/Documents/Java/Projects/Minecraft-CameraOverhaul/.gradle/loom-cache/remapped_mods/loom_mappings_1_14_4_layered_hash_40545_v2/io/github/prospector/modmenu/1.7.6+build.115/modmenu-1.7.6+build.115.jar to classpath.
[18:29:15] [main/DEBUG] (FabricLoader/Knot) Adding /var/home/goob/Documents/Java/Projects/Minecraft-CameraOverhaul/.gradle/loom-cache/remapped_mods/loom_mappings_1_14_4_layered_hash_40545_v2/net/fabricmc/fabric-api/fabric-resource-loader-v0/0.1.10+06c939b30c/fabric-resource-loader-v0-0.1.10+06c939b30c.jar to classpath.
[18:29:15] [main/DEBUG] (FabricLoader/Knot) Adding /var/home/goob/Documents/Java/Projects/Minecraft-CameraOverhaul/.gradle/loom-cache/remapped_mods/loom_mappings_1_14_4_layered_hash_40545_v2/me/shedaniel/cloth/config-2/1.8/config-2-1.8.jar to classpath.
[18:29:15] [main/DEBUG] (FabricLoader/Entrypoint) Registering new-style initializer io.github.prospector.modmenu.ModMenu for mod modmenu (key client)
[18:29:15] [main/DEBUG] (FabricLoader/Entrypoint) Registering new-style initializer me.shedaniel.clothconfig2.ClothConfigInitializer for mod cloth-config2 (key client)
[18:29:15] [main/INFO] (FabricLoader/Mixin) SpongePowered MIXIN Subsystem Version=0.8.5 Source=file:/var/home/goob/.gradle/caches/modules-2/files-2.1/net.fabricmc/sponge-mixin/0.13.3+mixin.0.8.5/9527e6b0d2449408958fd1302594dc65ec5ade9c/sponge-mixin-0.13.3+mixin.0.8.5.jar Service=Knot/Fabric Env=CLIENT
[18:29:15] [main/DEBUG] (FabricLoader/Mixin) Error cleaning class output directory: .mixin.out
[18:29:15] [main/DEBUG] (FabricLoader/Mixin) Initialising Mixin Platform Manager
[18:29:15] [main/DEBUG] (FabricLoader/Mixin) Adding mixin platform agents for container ContainerHandleURI(file:///var/home/goob/.gradle/caches/modules-2/files-2.1/net.fabricmc/fabric-loader/0.15.11/9c2be53d84ec5c4fb58bb5b8d9c8a629047c9ee9/fabric-loader-0.15.11.jar)
[18:29:15] [main/DEBUG] (FabricLoader/Mixin) Instancing new MixinPlatformAgentDefault for ContainerHandleURI(file:///var/home/goob/.gradle/caches/modules-2/files-2.1/net.fabricmc/fabric-loader/0.15.11/9c2be53d84ec5c4fb58bb5b8d9c8a629047c9ee9/fabric-loader-0.15.11.jar)
[18:29:15] [main/DEBUG] (FabricLoader/Mixin) MixinPlatformAgentDefault accepted container ContainerHandleURI(file:///var/home/goob/.gradle/caches/modules-2/files-2.1/net.fabricmc/fabric-loader/0.15.11/9c2be53d84ec5c4fb58bb5b8d9c8a629047c9ee9/fabric-loader-0.15.11.jar)
[18:29:15] [main/DEBUG] (FabricLoader/Mixin) Instancing new MixinPlatformAgentDefault for ContainerHandleURI(file:///var/home/goob/.gradle/caches/modules-2/files-2.1/net.fabricmc/fabric-loader/0.15.11/9c2be53d84ec5c4fb58bb5b8d9c8a629047c9ee9/fabric-loader-0.15.11.jar)
[18:29:15] [main/DEBUG] (FabricLoader/Mixin) MixinPlatformAgentDefault accepted container ContainerHandleURI(file:///var/home/goob/.gradle/caches/modules-2/files-2.1/net.fabricmc/fabric-loader/0.15.11/9c2be53d84ec5c4fb58bb5b8d9c8a629047c9ee9/fabric-loader-0.15.11.jar)
[18:29:15] [main/DEBUG] (FabricLoader/Mixin) Processing prepare() for PlatformAgent[MixinPlatformAgentDefault:ContainerHandleURI(file:///var/home/goob/.gradle/caches/modules-2/files-2.1/net.fabricmc/fabric-loader/0.15.11/9c2be53d84ec5c4fb58bb5b8d9c8a629047c9ee9/fabric-loader-0.15.11.jar)]
[18:29:15] [main/DEBUG] (FabricLoader/Mixin) Processing prepare() for PlatformAgent[MixinPlatformAgentDefault:ContainerHandleURI(file:///var/home/goob/.gradle/caches/modules-2/files-2.1/net.fabricmc/fabric-loader/0.15.11/9c2be53d84ec5c4fb58bb5b8d9c8a629047c9ee9/fabric-loader-0.15.11.jar)]
[18:29:15] [main/INFO] (FabricLoader/Mixin) Loaded Fabric development mappings for mixin remapper!
[18:29:15] [main/DEBUG] (FabricLoader/Mixin) Mixin config mixins.modmenu.json does not specify "minVersion" property
[18:29:15] [main/DEBUG] (FabricLoader/Mixin) Mixin config fabric-resource-loader-v0.mixins.json does not specify "minVersion" property
[18:29:15] [main/DEBUG] (FabricLoader/Knot) Adding /var/home/goob/.gradle/caches/fabric-loom/1.14.4/loom.mappings.1_14_4.layered+hash.40545-v2/mappings.jar to classpath.
[18:29:15] [main/DEBUG] (FabricLoader/Knot) Adding /var/home/goob/.gradle/caches/modules-2/files-2.1/io.hotmoka/toml4j/0.7.3/81cf97d724c0741c646ac34a9a85d8050c1ac2ab/toml4j-0.7.3.jar to classpath.
[18:29:15] [main/DEBUG] (FabricLoader/Knot) Adding /var/home/goob/.gradle/caches/modules-2/files-2.1/org.joml/joml/1.10.5/22566d58af70ad3d72308bab63b8339906deb649/joml-1.10.5.jar to classpath.
[18:29:15] [main/DEBUG] (FabricLoader/Knot) Adding /var/home/goob/.gradle/caches/modules-2/files-2.1/io.github.llamalad7/mixinextras-fabric/0.3.5/3b577be20ea942610b3045e4f0cd909fa415a9d3/mixinextras-fabric-0.3.5.jar to classpath.
[18:29:15] [main/DEBUG] (FabricLoader/Knot) Adding /var/home/goob/.gradle/caches/modules-2/files-2.1/net.fabricmc/dev-launch-injector/0.2.1+build.8/da8bef7e6e2f952da707f282bdb46882a0fce5e3/dev-launch-injector-0.2.1+build.8.jar to classpath.
[18:29:15] [main/DEBUG] (FabricLoader/Knot) Adding /var/home/goob/.gradle/caches/modules-2/files-2.1/oshi-project/oshi-core/1.1/9ddf7b048a8d701be231c0f4f95fd986198fd2d8/oshi-core-1.1.jar to classpath.
[18:29:15] [main/DEBUG] (FabricLoader/Knot) Adding /var/home/goob/.gradle/caches/modules-2/files-2.1/net.java.dev.jna/jna/4.4.0/cb208278274bf12ebdb56c61bd7407e6f774d65a/jna-4.4.0.jar to classpath.
[18:29:15] [main/DEBUG] (FabricLoader/Knot) Adding /var/home/goob/.gradle/caches/modules-2/files-2.1/net.java.dev.jna/platform/3.4.0/e3f70017be8100d3d6923f50b3d2ee17714e9c13/platform-3.4.0.jar to classpath.
[18:29:15] [main/DEBUG] (FabricLoader/Knot) Adding /var/home/goob/.gradle/caches/modules-2/files-2.1/com.ibm.icu/icu4j-core-mojang/51.2/63d216a9311cca6be337c1e458e587f99d382b84/icu4j-core-mojang-51.2.jar to classpath.
[18:29:15] [main/DEBUG] (FabricLoader/Knot) Adding /var/home/goob/.gradle/caches/modules-2/files-2.1/com.mojang/javabridge/1.0.22/6aa6453aa99a52a5cd91749da1af6ab70e082ab3/javabridge-1.0.22.jar to classpath.
[18:29:15] [main/DEBUG] (FabricLoader/Knot) Adding /var/home/goob/.gradle/caches/modules-2/files-2.1/net.sf.jopt-simple/jopt-simple/5.0.3/cdd846cfc4e0f7eefafc02c0f5dce32b9303aa2a/jopt-simple-5.0.3.jar to classpath.
[18:29:15] [main/DEBUG] (FabricLoader/Knot) Adding /var/home/goob/.gradle/caches/modules-2/files-2.1/io.netty/netty-all/4.1.25.Final/d0626cd3108294d1d58c05859add27b4ef21f83b/netty-all-4.1.25.Final.jar to classpath.
[18:29:15] [main/DEBUG] (FabricLoader/Knot) Adding /var/home/goob/.gradle/caches/modules-2/files-2.1/com.google.guava/guava/21.0/3a3d111be1be1b745edfa7d91678a12d7ed38709/guava-21.0.jar to classpath.
[18:29:15] [main/DEBUG] (FabricLoader/Knot) Adding /var/home/goob/.gradle/caches/modules-2/files-2.1/org.apache.commons/commons-lang3/3.5/6c6c702c89bfff3cd9e80b04d668c5e190d588c6/commons-lang3-3.5.jar to classpath.
[18:29:15] [main/DEBUG] (FabricLoader/Knot) Adding /var/home/goob/.gradle/caches/modules-2/files-2.1/commons-io/commons-io/2.5/2852e6e05fbb95076fc091f6d1780f1f8fe35e0f/commons-io-2.5.jar to classpath.
[18:29:15] [main/DEBUG] (FabricLoader/Knot) Adding /var/home/goob/.gradle/caches/modules-2/files-2.1/commons-codec/commons-codec/1.10/4b95f4897fa13f2cd904aee711aeafc0c5295cd8/commons-codec-1.10.jar to classpath.
[18:29:15] [main/DEBUG] (FabricLoader/Knot) Adding /var/home/goob/.gradle/caches/modules-2/files-2.1/net.java.jinput/jinput/2.0.5/39c7796b469a600f72380316f6b1f11db6c2c7c4/jinput-2.0.5.jar to classpath.
[18:29:15] [main/DEBUG] (FabricLoader/Knot) Adding /var/home/goob/.gradle/caches/modules-2/files-2.1/net.java.jutils/jutils/1.0.0/e12fe1fda814bd348c1579329c86943d2cd3c6a6/jutils-1.0.0.jar to classpath.
[18:29:15] [main/DEBUG] (FabricLoader/Knot) Adding /var/home/goob/.gradle/caches/modules-2/files-2.1/com.mojang/brigadier/1.0.17/c6b7dc51dd44379cc751b7504816006e9be4b1e6/brigadier-1.0.17.jar to classpath.
[18:29:15] [main/DEBUG] (FabricLoader/Knot) Adding /var/home/goob/.gradle/caches/modules-2/files-2.1/com.mojang/datafixerupper/2.0.24/944c24a8519981847ffb36c6dcd059d96fcb4b0/datafixerupper-2.0.24.jar to classpath.
[18:29:15] [main/DEBUG] (FabricLoader/Knot) Adding /var/home/goob/.gradle/caches/modules-2/files-2.1/org.apache.commons/commons-compress/1.8.1/a698750c16740fd5b3871425f4cb3bbaa87f529d/commons-compress-1.8.1.jar to classpath.
[18:29:15] [main/DEBUG] (FabricLoader/Knot) Adding /var/home/goob/.gradle/caches/modules-2/files-2.1/org.apache.httpcomponents/httpclient/4.3.3/18f4247ff4572a074444572cee34647c43e7c9c7/httpclient-4.3.3.jar to classpath.
[18:29:15] [main/DEBUG] (FabricLoader/Knot) Adding /var/home/goob/.gradle/caches/modules-2/files-2.1/commons-logging/commons-logging/1.1.3/f6f66e966c70a83ffbdb6f17a0919eaf7c8aca7f/commons-logging-1.1.3.jar to classpath.
[18:29:15] [main/DEBUG] (FabricLoader/Knot) Adding /var/home/goob/.gradle/caches/modules-2/files-2.1/org.apache.httpcomponents/httpcore/4.3.2/31fbbff1ddbf98f3aa7377c94d33b0447c646b6e/httpcore-4.3.2.jar to classpath.
[18:29:15] [main/DEBUG] (FabricLoader/Knot) Adding /var/home/goob/.gradle/caches/modules-2/files-2.1/it.unimi.dsi/fastutil/8.2.1/5ad88f325e424f8dbc2be5459e21ea5cab3864e9/fastutil-8.2.1.jar to classpath.
[18:29:15] [main/DEBUG] (FabricLoader/Knot) Adding /var/home/goob/.gradle/caches/modules-2/files-2.1/org.lwjgl/lwjgl/3.3.2/4421d94af68e35dcaa31737a6fc59136a1e61b94/lwjgl-3.3.2.jar to classpath.
[18:29:15] [main/DEBUG] (FabricLoader/Knot) Adding /var/home/goob/.gradle/caches/modules-2/files-2.1/org.lwjgl/lwjgl-jemalloc/3.3.2/877e17e39ebcd58a9c956dc3b5b777813de0873a/lwjgl-jemalloc-3.3.2.jar to classpath.
[18:29:15] [main/DEBUG] (FabricLoader/Knot) Adding /var/home/goob/.gradle/caches/modules-2/files-2.1/org.lwjgl/lwjgl-openal/3.3.2/ae5357ed6d934546d3533993ea84c0cfb75eed95/lwjgl-openal-3.3.2.jar to classpath.
[18:29:15] [main/DEBUG] (FabricLoader/Knot) Adding /var/home/goob/.gradle/caches/modules-2/files-2.1/org.lwjgl/lwjgl-opengl/3.3.2/ee8e95be0b438602038bc1f02dc5e3d011b1b216/lwjgl-opengl-3.3.2.jar to classpath.
[18:29:15] [main/DEBUG] (FabricLoader/Knot) Adding /var/home/goob/.gradle/caches/modules-2/files-2.1/org.lwjgl/lwjgl-glfw/3.3.2/757920418805fb90bfebb3d46b1d9e7669fca2eb/lwjgl-glfw-3.3.2.jar to classpath.
[18:29:15] [main/DEBUG] (FabricLoader/Knot) Adding /var/home/goob/.gradle/caches/modules-2/files-2.1/org.lwjgl/lwjgl-stb/3.3.2/a2550795014d622b686e9caac50b14baa87d2c70/lwjgl-stb-3.3.2.jar to classpath.
[18:29:15] [main/DEBUG] (FabricLoader/Knot) Adding /var/home/goob/.gradle/caches/modules-2/files-2.1/com.mojang/text2speech/1.11.3/f378f889797edd7df8d32272c06ca80a1b6b0f58/text2speech-1.11.3.jar to classpath.
[18:29:15] [main/DEBUG] (FabricLoader/Knot) Adding /var/home/goob/Documents/Java/Projects/Minecraft-CameraOverhaul/.gradle/loom-cache/remapped_mods/loom_mappings_1_14_4_layered_hash_40545_v2/com/terraformersmc/modmenu/1.10.5/modmenu-1.10.5.jar to classpath.
[18:29:15] [main/DEBUG] (FabricLoader/Knot) Adding /var/home/goob/Documents/Java/Projects/Minecraft-CameraOverhaul/.gradle/loom-cache/remapped_mods/loom_mappings_1_14_4_layered_hash_40545_v2/net/fabricmc/fabric-api/fabric-resource-loader-v0/0.1.10+06c939b30c/fabric-resource-loader-v0-0.1.10+06c939b30c.jar to classpath.
[18:29:15] [main/DEBUG] (FabricLoader/Knot) Adding /var/home/goob/Documents/Java/Projects/Minecraft-CameraOverhaul/.gradle/loom-cache/remapped_mods/loom_mappings_1_14_4_layered_hash_40545_v2/me/shedaniel/cloth/config-2/1.8/config-2-1.8.jar to classpath.
[18:29:15] [main/DEBUG] (FabricLoader/Knot) Adding /var/home/goob/Documents/Java/Projects/Minecraft-CameraOverhaul/.gradle/loom-cache/remapped_mods/loom_mappings_1_14_4_layered_hash_40545_v2/io/github/prospector/modmenu/1.7.6+build.115/modmenu-1.7.6+build.115.jar to classpath.
[18:29:15] [main/DEBUG] (FabricLoader/Knot) Adding /var/home/goob/.gradle/caches/modules-2/files-2.1/org.jline/jline-reader/3.20.0/8f15415b022a25b473e8e16c28ae913186ffb9c4/jline-reader-3.20.0.jar to classpath.
[18:29:15] [main/DEBUG] (FabricLoader/Knot) Adding /var/home/goob/.gradle/caches/modules-2/files-2.1/org.jline/jline-terminal/3.20.0/d0ddcc708ddf527a3454c941b7b9225cc83a15ff/jline-terminal-3.20.0.jar to classpath.
[18:29:15] [main/DEBUG] (FabricLoader/Entrypoint) No subscribers for entrypoint 'preLaunch'
[18:29:15] [main/DEBUG] (FabricLoader/Mixin) Preparing mixins for MixinEnvironment[DEFAULT]
[18:29:15] [main/DEBUG] (FabricLoader/Mixin) Selecting config mixinextras.init.mixins.json
[18:29:15] [main/DEBUG] (FabricLoader/MixinExtras|Service) com.llamalad7.mixinextras.service.MixinExtrasServiceImpl(version=0.3.5) is taking over from null
[18:29:15] [main/DEBUG] (FabricLoader/Mixin) Registering new injector for @Inject with org.spongepowered.asm.mixin.injection.struct.CallbackInjectionInfo
[18:29:15] [main/DEBUG] (FabricLoader/Mixin) Registering new injector for @ModifyArg with org.spongepowered.asm.mixin.injection.struct.ModifyArgInjectionInfo
[18:29:15] [main/DEBUG] (FabricLoader/Mixin) Registering new injector for @ModifyArgs with org.spongepowered.asm.mixin.injection.struct.ModifyArgsInjectionInfo
[18:29:15] [main/DEBUG] (FabricLoader/Mixin) Registering new injector for @Redirect with org.spongepowered.asm.mixin.injection.struct.RedirectInjectionInfo
[18:29:15] [main/DEBUG] (FabricLoader/Mixin) Registering new injector for @ModifyVariable with org.spongepowered.asm.mixin.injection.struct.ModifyVariableInjectionInfo
[18:29:15] [main/DEBUG] (FabricLoader/Mixin) Registering new injector for @ModifyConstant with org.spongepowered.asm.mixin.injection.struct.ModifyConstantInjectionInfo
[18:29:15] [main/DEBUG] (FabricLoader/Mixin) Selecting config mixins.modmenu.json
[18:29:15] [main/DEBUG] (FabricLoader/Mixin) Remapping refMap modmenu-refmap.json using remapper chain
[18:29:15] [main/DEBUG] (FabricLoader/Mixin) Selecting config fabric-resource-loader-v0.mixins.json
[18:29:15] [main/DEBUG] (FabricLoader/Mixin) Remapping refMap fabric-resource-loader-v0-refmap.json using remapper chain
[18:29:15] [main/DEBUG] (FabricLoader/Mixin) Preparing mixinextras.init.mixins.json (0)
[18:29:15] [main/DEBUG] (FabricLoader/Mixin) Preparing mixins.modmenu.json (3)
[18:29:15] [main/DEBUG] (FabricLoader/Mixin) @Mixin target net/minecraft/client/gui/components/AbstractSelectionList$TrackedList is public in mixins.modmenu.json:MixinEntryListWidgetEntries from mod modmenu and should be specified in value
[18:29:15] [main/DEBUG] (FabricLoader/Mixin) Preparing fabric-resource-loader-v0.mixins.json (7)
[18:29:15] [main/WARN] (FabricLoader/Mixin) Error loading class: net/minecraft/class_4729 (java.lang.ClassNotFoundException: net/minecraft/class_4729)
[18:29:15] [main/WARN] (FabricLoader/Mixin) @Mixin target net.minecraft.class_4729 was not found fabric-resource-loader-v0.mixins.json:MixinFormat4ResourcePack from mod fabric-resource-loader-v0
[18:29:16] [main/INFO] (FabricLoader/MixinExtras|Service) Initializing MixinExtras via com.llamalad7.mixinextras.service.MixinExtrasServiceImpl(version=0.3.5).
[18:29:16] [main/DEBUG] (FabricLoader/Mixin) Registering new injector for @SugarWrapper with com.llamalad7.mixinextras.sugar.impl.SugarWrapperInjectionInfo
[18:29:16] [main/DEBUG] (FabricLoader/Mixin) Registering new injector for @FactoryRedirectWrapper with com.llamalad7.mixinextras.wrapper.factory.FactoryRedirectWrapperInjectionInfo
[18:29:16] [main/DEBUG] (FabricLoader/Mixin) Mixing MixinMinecraftGame from fabric-resource-loader-v0.mixins.json into net.minecraft.client.Minecraft
[18:29:16] [main/DEBUG] (FabricLoader/Mixin) fabric-resource-loader-v0.mixins.json:MixinMinecraftGame from mod fabric-resource-loader-v0->@Inject::reloadResources(Lorg/spongepowered/asm/mixin/injection/callback/CallbackInfoReturnable;Ljava/util/concurrent/CompletableFuture;Ljava/util/List;)V doesn't use it's CallbackInfoReturnable
[18:29:16] [main/DEBUG] (FabricLoader/Mixin) fabric-resource-loader-v0.mixins.json:MixinMinecraftGame from mod fabric-resource-loader-v0->@Inject::reloadResources(Lorg/spongepowered/asm/mixin/injection/callback/CallbackInfoReturnable;Ljava/util/concurrent/CompletableFuture;Ljava/util/List;)V has 0 override(s) in child classes
[18:29:16] [main/DEBUG] (FabricLoader/Mixin) fabric-resource-loader-v0.mixins.json:MixinMinecraftGame from mod fabric-resource-loader-v0->@Inject::reloadResources(Lorg/spongepowered/asm/mixin/injection/callback/CallbackInfoReturnable;Ljava/util/concurrent/CompletableFuture;Ljava/util/List;)V won't be passed a CallbackInfoReturnable as a result
[18:29:16] [main/ERROR] (FabricLoader) Minecraft has crashed!
net.fabricmc.loader.impl.FormattedException: java.lang.RuntimeException: Mixin transformation of net.minecraft.client.Minecraft failed
	at net.fabricmc.loader.impl.FormattedException.ofLocalized(FormattedException.java:63) ~[fabric-loader-0.15.11.jar:?]
	at net.fabricmc.loader.impl.game.minecraft.MinecraftGameProvider.launch(MinecraftGameProvider.java:472) ~[fabric-loader-0.15.11.jar:?]
	at net.fabricmc.loader.impl.launch.knot.Knot.launch(Knot.java:74) [fabric-loader-0.15.11.jar:?]
	at net.fabricmc.loader.impl.launch.knot.KnotClient.main(KnotClient.java:23) [fabric-loader-0.15.11.jar:?]
	at net.fabricmc.devlaunchinjector.Main.main(Main.java:86) [dev-launch-injector-0.2.1+build.8.jar:?]
Caused by: java.lang.RuntimeException: Mixin transformation of net.minecraft.client.Minecraft failed
	at net.fabricmc.loader.impl.launch.knot.KnotClassDelegate.getPostMixinClassByteArray(KnotClassDelegate.java:427) ~[fabric-loader-0.15.11.jar:?]
	at net.fabricmc.loader.impl.launch.knot.KnotClassDelegate.tryLoadClass(KnotClassDelegate.java:323) ~[fabric-loader-0.15.11.jar:?]
	at net.fabricmc.loader.impl.launch.knot.KnotClassDelegate.loadClass(KnotClassDelegate.java:218) ~[fabric-loader-0.15.11.jar:?]
	at net.fabricmc.loader.impl.launch.knot.KnotClassLoader.loadClass(KnotClassLoader.java:119) ~[fabric-loader-0.15.11.jar:?]
	at java.lang.ClassLoader.loadClass(ClassLoader.java:526) ~[?:?]
	at net.minecraft.client.main.Main.main(Main.java:155) ~[minecraft-merged-1.14.4-loom.mappings.1_14_4.layered+hash.40545-v2.jar:?]
	at net.fabricmc.loader.impl.game.minecraft.MinecraftGameProvider.launch(MinecraftGameProvider.java:470) ~[fabric-loader-0.15.11.jar:?]
	... 3 more
Caused by: org.spongepowered.asm.mixin.transformer.throwables.MixinTransformerError: An unexpected critical error was encountered
	at org.spongepowered.asm.mixin.transformer.MixinProcessor.applyMixins(MixinProcessor.java:392) ~[sponge-mixin-0.13.3+mixin.0.8.5.jar:0.13.3+mixin.0.8.5]
	at org.spongepowered.asm.mixin.transformer.MixinTransformer.transformClass(MixinTransformer.java:234) ~[sponge-mixin-0.13.3+mixin.0.8.5.jar:0.13.3+mixin.0.8.5]
	at org.spongepowered.asm.mixin.transformer.MixinTransformer.transformClassBytes(MixinTransformer.java:202) ~[sponge-mixin-0.13.3+mixin.0.8.5.jar:0.13.3+mixin.0.8.5]
	at net.fabricmc.loader.impl.launch.knot.KnotClassDelegate.getPostMixinClassByteArray(KnotClassDelegate.java:422) ~[fabric-loader-0.15.11.jar:?]
	at net.fabricmc.loader.impl.launch.knot.KnotClassDelegate.tryLoadClass(KnotClassDelegate.java:323) ~[fabric-loader-0.15.11.jar:?]
	at net.fabricmc.loader.impl.launch.knot.KnotClassDelegate.loadClass(KnotClassDelegate.java:218) ~[fabric-loader-0.15.11.jar:?]
	at net.fabricmc.loader.impl.launch.knot.KnotClassLoader.loadClass(KnotClassLoader.java:119) ~[fabric-loader-0.15.11.jar:?]
	at java.lang.ClassLoader.loadClass(ClassLoader.java:526) ~[?:?]
	at net.minecraft.client.main.Main.main(Main.java:155) ~[minecraft-merged-1.14.4-loom.mappings.1_14_4.layered+hash.40545-v2.jar:?]
	at net.fabricmc.loader.impl.game.minecraft.MinecraftGameProvider.launch(MinecraftGameProvider.java:470) ~[fabric-loader-0.15.11.jar:?]
	... 3 more
Caused by: org.spongepowered.asm.mixin.injection.throwables.InjectionError: Critical injection failure: Redirector initResources(Ljava/util/stream/Stream;Ljava/util/stream/Collector;)Ljava/lang/Object; in fabric-resource-loader-v0.mixins.json:MixinMinecraftGame from mod fabric-resource-loader-v0 failed injection check, (0/1) succeeded. Scanned 1 target(s). Using refmap fabric-resource-loader-v0-refmap.json
	at org.spongepowered.asm.mixin.injection.struct.InjectionInfo.postInject(InjectionInfo.java:468) ~[sponge-mixin-0.13.3+mixin.0.8.5.jar:0.13.3+mixin.0.8.5]
	at org.spongepowered.asm.mixin.transformer.MixinTargetContext.applyInjections(MixinTargetContext.java:1384) ~[sponge-mixin-0.13.3+mixin.0.8.5.jar:0.13.3+mixin.0.8.5]
	at org.spongepowered.asm.mixin.transformer.MixinApplicatorStandard.applyInjections(MixinApplicatorStandard.java:1062) ~[sponge-mixin-0.13.3+mixin.0.8.5.jar:0.13.3+mixin.0.8.5]
	at org.spongepowered.asm.mixin.transformer.MixinApplicatorStandard.applyMixin(MixinApplicatorStandard.java:402) ~[sponge-mixin-0.13.3+mixin.0.8.5.jar:0.13.3+mixin.0.8.5]
	at org.spongepowered.asm.mixin.transformer.MixinApplicatorStandard.apply(MixinApplicatorStandard.java:327) ~[sponge-mixin-0.13.3+mixin.0.8.5.jar:0.13.3+mixin.0.8.5]
	at org.spongepowered.asm.mixin.transformer.TargetClassContext.apply(TargetClassContext.java:422) ~[sponge-mixin-0.13.3+mixin.0.8.5.jar:0.13.3+mixin.0.8.5]
	at org.spongepowered.asm.mixin.transformer.TargetClassContext.applyMixins(TargetClassContext.java:403) ~[sponge-mixin-0.13.3+mixin.0.8.5.jar:0.13.3+mixin.0.8.5]
	at org.spongepowered.asm.mixin.transformer.MixinProcessor.applyMixins(MixinProcessor.java:363) ~[sponge-mixin-0.13.3+mixin.0.8.5.jar:0.13.3+mixin.0.8.5]
	at org.spongepowered.asm.mixin.transformer.MixinTransformer.transformClass(MixinTransformer.java:234) ~[sponge-mixin-0.13.3+mixin.0.8.5.jar:0.13.3+mixin.0.8.5]
	at org.spongepowered.asm.mixin.transformer.MixinTransformer.transformClassBytes(MixinTransformer.java:202) ~[sponge-mixin-0.13.3+mixin.0.8.5.jar:0.13.3+mixin.0.8.5]
	at net.fabricmc.loader.impl.launch.knot.KnotClassDelegate.getPostMixinClassByteArray(KnotClassDelegate.java:422) ~[fabric-loader-0.15.11.jar:?]
	at net.fabricmc.loader.impl.launch.knot.KnotClassDelegate.tryLoadClass(KnotClassDelegate.java:323) ~[fabric-loader-0.15.11.jar:?]
	at net.fabricmc.loader.impl.launch.knot.KnotClassDelegate.loadClass(KnotClassDelegate.java:218) ~[fabric-loader-0.15.11.jar:?]
	at net.fabricmc.loader.impl.launch.knot.KnotClassLoader.loadClass(KnotClassLoader.java:119) ~[fabric-loader-0.15.11.jar:?]
	at java.lang.ClassLoader.loadClass(ClassLoader.java:526) ~[?:?]
	at net.minecraft.client.main.Main.main(Main.java:155) ~[minecraft-merged-1.14.4-loom.mappings.1_14_4.layered+hash.40545-v2.jar:?]
	at net.fabricmc.loader.impl.game.minecraft.MinecraftGameProvider.launch(MinecraftGameProvider.java:470) ~[fabric-loader-0.15.11.jar:?]
	... 3 more
