[18:29:15] [main/WARN] (FabricLoader/Knot) Class path entries reference missing files: /var/home/goob/Documents/Java/Projects/Minecraft-CameraOverhaul/versions/fabric-1.14.4/build/classes/java/main, /var/home/goob/Documents/Java/Projects/Minecraft-CameraOverhaul/versions/fabric-1.14.4/build/resources/main - the game may not load properly!
[18:29:15] [main/INFO] (FabricLoader/GameProvider) Loading Minecraft 1.14.4 with Fabric Loader 0.15.11
[18:29:15] [main/INFO] (FabricLoader) Loading 7 mods:
	- cloth-config2 1.8
	- fabric-resource-loader-v0 0.1.10+06c939b30c
	- fabricloader 0.15.11
	- java 21
	- minecraft 1.14.4
	- mixinextras 0.3.5
	- modmenu 1.7.6+build.115
[18:29:15] [main/INFO] (FabricLoader/Mixin) SpongePowered MIXIN Subsystem Version=0.8.5 Source=file:/var/home/goob/.gradle/caches/modules-2/files-2.1/net.fabricmc/sponge-mixin/0.13.3+mixin.0.8.5/9527e6b0d2449408958fd1302594dc65ec5ade9c/sponge-mixin-0.13.3+mixin.0.8.5.jar Service=Knot/Fabric Env=CLIENT
[18:29:15] [main/INFO] (FabricLoader/Mixin) Loaded Fabric development mappings for mixin remapper!
[18:29:15] [main/WARN] (FabricLoader/Mixin) Error loading class: net/minecraft/class_4729 (java.lang.ClassNotFoundException: net/minecraft/class_4729)
[18:29:15] [main/WARN] (FabricLoader/Mixin) @Mixin target net.minecraft.class_4729 was not found fabric-resource-loader-v0.mixins.json:MixinFormat4ResourcePack from mod fabric-resource-loader-v0
[18:29:16] [main/INFO] (FabricLoader/MixinExtras|Service) Initializing MixinExtras via com.llamalad7.mixinextras.service.MixinExtrasServiceImpl(version=0.3.5).
[18:29:16] [main/ERROR] (FabricLoader) Minecraft has crashed!
net.fabricmc.loader.impl.FormattedException: java.lang.RuntimeException: Mixin transformation of net.minecraft.client.Minecraft failed
	at net.fabricmc.loader.impl.FormattedException.ofLocalized(FormattedException.java:63) ~[fabric-loader-0.15.11.jar:?]
	at net.fabricmc.loader.impl.game.minecraft.MinecraftGameProvider.launch(MinecraftGameProvider.java:472) ~[fabric-loader-0.15.11.jar:?]
	at net.fabricmc.loader.impl.launch.knot.Knot.launch(Knot.java:74) [fabric-loader-0.15.11.jar:?]
	at net.fabricmc.loader.impl.launch.knot.KnotClient.main(KnotClient.java:23) [fabric-loader-0.15.11.jar:?]
	at net.fabricmc.devlaunchinjector.Main.main(Main.java:86) [dev-launch-injector-0.2.1+build.8.jar:?]
Caused by: java.lang.RuntimeException: Mixin transformation of net.minecraft.client.Minecraft failed
	at net.fabricmc.loader.impl.launch.knot.KnotClassDelegate.getPostMixinClassByteArray(KnotClassDelegate.java:427) ~[fabric-loader-0.15.11.jar:?]
	at net.fabricmc.loader.impl.launch.knot.KnotClassDelegate.tryLoadClass(KnotClassDelegate.java:323) ~[fabric-loader-0.15.11.jar:?]
	at net.fabricmc.loader.impl.launch.knot.KnotClassDelegate.loadClass(KnotClassDelegate.java:218) ~[fabric-loader-0.15.11.jar:?]
	at net.fabricmc.loader.impl.launch.knot.KnotClassLoader.loadClass(KnotClassLoader.java:119) ~[fabric-loader-0.15.11.jar:?]
	at java.lang.ClassLoader.loadClass(ClassLoader.java:526) ~[?:?]
	at net.minecraft.client.main.Main.main(Main.java:155) ~[minecraft-merged-1.14.4-loom.mappings.1_14_4.layered+hash.40545-v2.jar:?]
	at net.fabricmc.loader.impl.game.minecraft.MinecraftGameProvider.launch(MinecraftGameProvider.java:470) ~[fabric-loader-0.15.11.jar:?]
	... 3 more
Caused by: org.spongepowered.asm.mixin.transformer.throwables.MixinTransformerError: An unexpected critical error was encountered
	at org.spongepowered.asm.mixin.transformer.MixinProcessor.applyMixins(MixinProcessor.java:392) ~[sponge-mixin-0.13.3+mixin.0.8.5.jar:0.13.3+mixin.0.8.5]
	at org.spongepowered.asm.mixin.transformer.MixinTransformer.transformClass(MixinTransformer.java:234) ~[sponge-mixin-0.13.3+mixin.0.8.5.jar:0.13.3+mixin.0.8.5]
	at org.spongepowered.asm.mixin.transformer.MixinTransformer.transformClassBytes(MixinTransformer.java:202) ~[sponge-mixin-0.13.3+mixin.0.8.5.jar:0.13.3+mixin.0.8.5]
	at net.fabricmc.loader.impl.launch.knot.KnotClassDelegate.getPostMixinClassByteArray(KnotClassDelegate.java:422) ~[fabric-loader-0.15.11.jar:?]
	at net.fabricmc.loader.impl.launch.knot.KnotClassDelegate.tryLoadClass(KnotClassDelegate.java:323) ~[fabric-loader-0.15.11.jar:?]
	at net.fabricmc.loader.impl.launch.knot.KnotClassDelegate.loadClass(KnotClassDelegate.java:218) ~[fabric-loader-0.15.11.jar:?]
	at net.fabricmc.loader.impl.launch.knot.KnotClassLoader.loadClass(KnotClassLoader.java:119) ~[fabric-loader-0.15.11.jar:?]
	at java.lang.ClassLoader.loadClass(ClassLoader.java:526) ~[?:?]
	at net.minecraft.client.main.Main.main(Main.java:155) ~[minecraft-merged-1.14.4-loom.mappings.1_14_4.layered+hash.40545-v2.jar:?]
	at net.fabricmc.loader.impl.game.minecraft.MinecraftGameProvider.launch(MinecraftGameProvider.java:470) ~[fabric-loader-0.15.11.jar:?]
	... 3 more
Caused by: org.spongepowered.asm.mixin.injection.throwables.InjectionError: Critical injection failure: Redirector initResources(Ljava/util/stream/Stream;Ljava/util/stream/Collector;)Ljava/lang/Object; in fabric-resource-loader-v0.mixins.json:MixinMinecraftGame from mod fabric-resource-loader-v0 failed injection check, (0/1) succeeded. Scanned 1 target(s). Using refmap fabric-resource-loader-v0-refmap.json
	at org.spongepowered.asm.mixin.injection.struct.InjectionInfo.postInject(InjectionInfo.java:468) ~[sponge-mixin-0.13.3+mixin.0.8.5.jar:0.13.3+mixin.0.8.5]
	at org.spongepowered.asm.mixin.transformer.MixinTargetContext.applyInjections(MixinTargetContext.java:1384) ~[sponge-mixin-0.13.3+mixin.0.8.5.jar:0.13.3+mixin.0.8.5]
	at org.spongepowered.asm.mixin.transformer.MixinApplicatorStandard.applyInjections(MixinApplicatorStandard.java:1062) ~[sponge-mixin-0.13.3+mixin.0.8.5.jar:0.13.3+mixin.0.8.5]
	at org.spongepowered.asm.mixin.transformer.MixinApplicatorStandard.applyMixin(MixinApplicatorStandard.java:402) ~[sponge-mixin-0.13.3+mixin.0.8.5.jar:0.13.3+mixin.0.8.5]
	at org.spongepowered.asm.mixin.transformer.MixinApplicatorStandard.apply(MixinApplicatorStandard.java:327) ~[sponge-mixin-0.13.3+mixin.0.8.5.jar:0.13.3+mixin.0.8.5]
	at org.spongepowered.asm.mixin.transformer.TargetClassContext.apply(TargetClassContext.java:422) ~[sponge-mixin-0.13.3+mixin.0.8.5.jar:0.13.3+mixin.0.8.5]
	at org.spongepowered.asm.mixin.transformer.TargetClassContext.applyMixins(TargetClassContext.java:403) ~[sponge-mixin-0.13.3+mixin.0.8.5.jar:0.13.3+mixin.0.8.5]
	at org.spongepowered.asm.mixin.transformer.MixinProcessor.applyMixins(MixinProcessor.java:363) ~[sponge-mixin-0.13.3+mixin.0.8.5.jar:0.13.3+mixin.0.8.5]
	at org.spongepowered.asm.mixin.transformer.MixinTransformer.transformClass(MixinTransformer.java:234) ~[sponge-mixin-0.13.3+mixin.0.8.5.jar:0.13.3+mixin.0.8.5]
	at org.spongepowered.asm.mixin.transformer.MixinTransformer.transformClassBytes(MixinTransformer.java:202) ~[sponge-mixin-0.13.3+mixin.0.8.5.jar:0.13.3+mixin.0.8.5]
	at net.fabricmc.loader.impl.launch.knot.KnotClassDelegate.getPostMixinClassByteArray(KnotClassDelegate.java:422) ~[fabric-loader-0.15.11.jar:?]
	at net.fabricmc.loader.impl.launch.knot.KnotClassDelegate.tryLoadClass(KnotClassDelegate.java:323) ~[fabric-loader-0.15.11.jar:?]
	at net.fabricmc.loader.impl.launch.knot.KnotClassDelegate.loadClass(KnotClassDelegate.java:218) ~[fabric-loader-0.15.11.jar:?]
	at net.fabricmc.loader.impl.launch.knot.KnotClassLoader.loadClass(KnotClassLoader.java:119) ~[fabric-loader-0.15.11.jar:?]
	at java.lang.ClassLoader.loadClass(ClassLoader.java:526) ~[?:?]
	at net.minecraft.client.main.Main.main(Main.java:155) ~[minecraft-merged-1.14.4-loom.mappings.1_14_4.layered+hash.40545-v2.jar:?]
	at net.fabricmc.loader.impl.game.minecraft.MinecraftGameProvider.launch(MinecraftGameProvider.java:470) ~[fabric-loader-0.15.11.jar:?]
	... 3 more
